Project115_282_20190601_23_07_32.xml|12345678|PF|Rejected|CASS|33|N||||||N||||||20190603|
Project115_282_20190601_23_07_32.xml|12345678|PF|Rejected|CASS|98|N||||||N||||||20190603|
Project115_282_20190601_23_07_32.xml|12345678|PF|Rejected|CASS|98|N||||||N||||||20190603|
Project115_754_20190531_23_08_37.xml|12345678|PF|Rejected|CASS|11|N||||||N||||||20190603|
