Project198_1_20190603_23_04_15.xml|5950706241|PP|Mailed||31|N||||||N||||||20190604|20190605
Project198_1_20190603_23_04_15.xml|5950706241|PP|Mailed||31|N||||||N||||||20190604|20190605
